Copyright 1986-2019 Xilinx, Inc. All Rights Reserved.
------------------------------------------------------------------------------------------
| Tool Version : Vivado v.2019.2 (win64) Build 2708876 Wed Nov  6 21:40:23 MST 2019
| Date         : Wed Apr 29 17:29:28 2020
| Host         : DESKTOP-D0BHML6 running 64-bit major release  (build 9200)
| Command      : report_control_sets -verbose -file tictactoe_top_control_sets_placed.rpt
| Design       : tictactoe_top
| Device       : xc7a100t
------------------------------------------------------------------------------------------

Control Set Information

Table of Contents
-----------------
1. Summary
2. Histogram
3. Flip-Flop Distribution
4. Detailed Control Set Information

1. Summary
----------

+----------------------------------------------------------+-------+
|                          Status                          | Count |
+----------------------------------------------------------+-------+
| Total control sets                                       |    43 |
|    Minimum number of control sets                        |    43 |
|    Addition due to synthesis replication                 |     0 |
|    Addition due to physical synthesis replication        |     0 |
| Unused register locations in slices containing registers |   237 |
+----------------------------------------------------------+-------+
* Control sets can be merged at opt_design using control_set_merge or merge_equivalent_drivers
** Run report_qor_suggestions for automated merging and remapping suggestions


2. Histogram
------------

+--------------------+-------+
|       Fanout       | Count |
+--------------------+-------+
| Total control sets |    43 |
| >= 0 to < 4        |    23 |
| >= 4 to < 6        |    10 |
| >= 6 to < 8        |     0 |
| >= 8 to < 10       |     2 |
| >= 10 to < 12      |     1 |
| >= 12 to < 14      |     1 |
| >= 14 to < 16      |     0 |
| >= 16              |     6 |
+--------------------+-------+
* Control sets can be remapped at either synth_design or opt_design


3. Flip-Flop Distribution
-------------------------

+--------------+-----------------------+------------------------+-----------------+--------------+
| Clock Enable | Synchronous Set/Reset | Asynchronous Set/Reset | Total Registers | Total Slices |
+--------------+-----------------------+------------------------+-----------------+--------------+
| No           | No                    | No                     |              52 |           28 |
| No           | No                    | Yes                    |               1 |            1 |
| No           | Yes                   | No                     |              19 |           13 |
| Yes          | No                    | No                     |              30 |           10 |
| Yes          | No                    | Yes                    |              32 |           17 |
| Yes          | Yes                   | No                     |             149 |           44 |
+--------------+-----------------------+------------------------+-----------------+--------------+


4. Detailed Control Set Information
-----------------------------------

+--------------------------+----------------------------------------------------------+-------------------------------------------------+------------------+----------------+
|       Clock Signal       |                       Enable Signal                      |                 Set/Reset Signal                | Slice Load Count | Bel Load Count |
+--------------------------+----------------------------------------------------------+-------------------------------------------------+------------------+----------------+
|  dc/clk25_reg_n_0        | dc/hCount[9]_i_1_n_0                                     |                                                 |                1 |              1 |
|  BUFGP1/O                |                                                          | Sw0_IBUF                                        |                1 |              1 |
|  dc/played624_out        |                                                          | tictactoe_sm_0/played01                         |                1 |              1 |
|  dc/pulse                |                                                          |                                                 |                1 |              1 |
|  dc/bright_reg_7[0]      |                                                          | tictactoe_sm_0/played01                         |                1 |              1 |
|  dc/bright_reg_1[0]      |                                                          | tictactoe_sm_0/played01                         |                1 |              1 |
|  dc/bright_reg_2[0]      |                                                          | tictactoe_sm_0/played01                         |                1 |              1 |
|  dc/clk25_reg_n_0        |                                                          |                                                 |                1 |              1 |
|  dc/E[0]                 |                                                          | tictactoe_sm_0/played01                         |                1 |              1 |
|  dc/bright_reg_4[0]      |                                                          | tictactoe_sm_0/played01                         |                1 |              1 |
|  dc/bright_reg_5[0]      |                                                          | tictactoe_sm_0/played01                         |                1 |              1 |
|  dc/bright_reg_6[0]      |                                                          | tictactoe_sm_0/played01                         |                1 |              1 |
|  dc/bright_reg_3[0]      |                                                          | tictactoe_sm_0/played01                         |                1 |              1 |
|  dc/E[0]                 |                                                          |                                                 |                1 |              2 |
|  dc/bright_reg_0[0]      |                                                          |                                                 |                1 |              2 |
|  dc/bright_reg_2[0]      |                                                          |                                                 |                1 |              2 |
|  dc/bright_reg_1[0]      |                                                          |                                                 |                1 |              2 |
|  dc/bright_reg_4[0]      |                                                          |                                                 |                1 |              2 |
|  dc/bright_reg_5[0]      |                                                          |                                                 |                1 |              2 |
|  dc/bright_reg_3[0]      |                                                          |                                                 |                1 |              2 |
|  dc/bright_reg_7[0]      |                                                          |                                                 |                1 |              2 |
|  dc/bright_reg_6[0]      |                                                          |                                                 |                1 |              2 |
| ~tictactoe_sm_0/played01 |                                                          |                                                 |                2 |              3 |
|  BUFGP1/O                | ee201_debouncer_0/MCEN_count[3]_i_1__3_n_0               |                                                 |                1 |              4 |
|  BUFGP1/O                | ee201_debouncer_1/FSM_sequential_state[3]_i_1_n_0        | Sw0_IBUF                                        |                2 |              4 |
|  BUFGP1/O                | ee201_debouncer_1/MCEN_count[3]_i_1__2_n_0               |                                                 |                1 |              4 |
|  BUFGP1/O                | ee201_debouncer_2/MCEN_count[3]_i_1__1_n_0               |                                                 |                1 |              4 |
|  BUFGP1/O                | ee201_debouncer_4/FSM_sequential_state_reg[3]_i_1_n_0    | Sw0_IBUF                                        |                2 |              4 |
|  BUFGP1/O                | ee201_debouncer_3/FSM_sequential_state_reg[3]_i_1__0_n_0 | Sw0_IBUF                                        |                1 |              4 |
|  BUFGP1/O                | ee201_debouncer_3/MCEN_count[3]_i_1__0_n_0               |                                                 |                1 |              4 |
|  BUFGP1/O                | ee201_debouncer_4/MCEN_count[3]_i_1_n_0                  |                                                 |                1 |              4 |
|  BUFGP1/O                | ee201_debouncer_2/FSM_sequential_state_reg[3]_i_1__1_n_0 | Sw0_IBUF                                        |                2 |              4 |
|  BUFGP1/O                | ee201_debouncer_0/FSM_sequential_state_reg[3]_i_1__2_n_0 | Sw0_IBUF                                        |                3 |              4 |
|  dc/clk25_reg_n_0        | dc/hCount[9]_i_1_n_0                                     | dc/vCount[9]_i_1_n_0                            |                4 |              9 |
|  BUFGP1/O                | tictactoe_sm_0/pos[10]_i_1_n_0                           |                                                 |                4 |              9 |
|  dc/clk25_reg_n_0        |                                                          | dc/hCount[9]_i_1_n_0                            |                4 |             10 |
|  BUFGP1/O                | tictactoe_sm_0/state                                     | Sw0_IBUF                                        |                7 |             12 |
|  BUFGP1/O                | ee201_debouncer_3/debounce_count                         | ee201_debouncer_3/debounce_count[27]_i_1__0_n_0 |                8 |             28 |
|  BUFGP1/O                | ee201_debouncer_2/debounce_count                         | ee201_debouncer_2/debounce_count[27]_i_1__1_n_0 |                8 |             28 |
|  BUFGP1/O                | ee201_debouncer_1/debounce_count                         | ee201_debouncer_1/debounce_count[27]_i_1__2_n_0 |                8 |             28 |
|  BUFGP1/O                | ee201_debouncer_0/debounce_count                         | ee201_debouncer_0/debounce_count[27]_i_1__3_n_0 |                8 |             28 |
|  BUFGP1/O                | ee201_debouncer_4/debounce_count                         | ee201_debouncer_4/debounce_count[27]_i_1_n_0    |                8 |             28 |
|  BUFGP1/O                |                                                          |                                                 |               15 |             29 |
+--------------------------+----------------------------------------------------------+-------------------------------------------------+------------------+----------------+


